2022/05/02 08:45:27 /go/src/work/main.go:21: Exit open feafeaefae: no such file or directory
2022/05/02 08:46:55 /go/src/work/main.go:21: Exit open feafeaefae: no such file or directory
